// Jest Snapshot v1, https://goo.gl/fbAQLP

exports[`renders correctly 1`] = `
<div
  className="globalstyles__Card-sc-1nc69wi-3 ktPNbg"
>
  <h2
    className="globalstyles__CardHeader-sc-1nc69wi-4 kzlczZ"
  >
    Who are plus fitness
  </h2>
  <div
    className="globalstyles__CardBody-sc-1nc69wi-5 fqKNQF"
  >
    <p
      className="ContentBlockstyled__ContentBlockText-qi3y14-0 dezrkY"
      color="orange"
      dangerouslySetInnerHTML={
        Object {
          "__html": "Plus Fitness is an Australian owned franchise offering affordable and flexible gym memberships at over 180 convenient locations across Australia and New Zealand.
  <br /><br />
  By joining one Plus Fitness you can instantly use all of our gyms and with no lock in contracts, 
  24 hour access*, free membership time-hold, great classes, free fitness programs and ongoing support, 
  affordable Personal Training plus our ever popular Functional Training Zones, there is nothing else you could want in a gym!",
        }
      }
    />
    <p
      className="ContentBlockstyled__ContentBlockText-qi3y14-0 eytvUc"
      color="black"
      dangerouslySetInnerHTML={
        Object {
          "__html": "Lorem ipsum dolor sit amet, consectetur adipiscing elit, sed do eiusmod tempor.
  Lorem ipsum dolor sit amet, consectetur adipiscing elit, sed do eiusmod tempor.
  Lorem ipsum dolor sit amet, consectetur adipiscing elit, sed do eiusmod tempor.",
        }
      }
    />
  </div>
  <div
    className="globalstyles__CardFooter-sc-1nc69wi-6 cnCxTF"
  >
    <button
      className="Button-lxhj0a-0 djWYEe"
      color="blue"
      onClick={[Function]}
    >
      ENQUIRE NOW
    </button>
    <button
      className="Button-lxhj0a-0 eQpnsG"
      onClick={[Function]}
    >
      JOIN NOW
    </button>
  </div>
</div>
`;
